{"Country": "United States", "Region": "MD", "ZipCode": "20877", "City": "Gaithersburg"}{"Country": "United States", "Region": "MD", "ZipCode": "20877", "City": "Gaithersburg"}{"Country": "United States", "Region": "MD", "ZipCode": "20877", "City": "Gaithersburg"}{"Country": "United States", "Region": "MD", "ZipCode": "20877", "City": "Gaithersburg"}{"Country": "United States", "Region": "MD", "ZipCode": "20877", "City": "Gaithersburg"}{"Country": "United States", "Region": "MD", "ZipCode": "20877", "City": "Gaithersburg"}{"Country": "United States", "Region": "MD", "ZipCode": "20877", "City": "Gaithersburg"}{"Country": "United States", "Region": "MD", "ZipCode": "20877", "City": "Gaithersburg"}{"Country": "United States", "Region": "MD", "ZipCode": "20877", "City": "Gaithersburg"}{"Country": "United States", "Region": "MD", "ZipCode": "20877", "City": "Gaithersburg"}{"Country": "United States", "Region": "MD", "ZipCode": "20877", "City": "Gaithersburg"}{"Country": "United States", "Region": "MD", "ZipCode": "20877", "City": "Gaithersburg"}{"Country": "United States", "Region": "MD", "ZipCode": "20877", "City": "Gaithersburg"}{"Country": "United States", "Region": "MD", "ZipCode": "20877", "City": "Gaithersburg"}{"Country": "United States", "Region": "MD", "ZipCode": "20877", "City": "Gaithersburg"}{"Country": "United States", "Region": "MD", "ZipCode": "20877", "City": "Gaithersburg"}{"Country": "United States", "Region": "MD", "ZipCode": "20877", "City": "Gaithersburg"}